package main

import (
	"github.com/gin-gonic/gin"
	"math"
	"os"
)

func int_conv(anything interface{}) int {
	switch v := anything.(type) {
		case int:
			return v
		case float64, float32:
			var float_var = v.(float64)
			return int(math.Trunc(float_var))
		default:
			return 0
	}
	return 0
}

func float_conv(anything interface{}) float64 {
 	 switch v := anything.(type) {
		case int:
            return float64(v)
		case float64:
			return v
		default:
			return 0
	}
	return 0.0
}

type divideint_struct struct {
	Testing string `db:"testing" json:"testing"`
	Answer int `db:"answer" json:"answer"`
}

func main() {
	router := gin.Default()
	router.GET("/divideint", Get_divideint)
	router.Run(":"+os.Getenv("PORT"))
}

func divideint_struct_wrapper() divideint_struct {
	return divideint_struct{Testing: "3 divide 4", Answer: int_conv(3) / int_conv(4)}
}

func Get_divideint(c *gin.Context) {
	divideint_struct := divideint_struct_wrapper()
	c.JSON(200, divideint_struct)
}
