Endpoint allBinops( GET:) {float a = [float] (Binop ([int] 3) .+ ([int] 4));, float b = [float] (Binop ([int] 1) .+ ([float] 3.5));, float c = [float] (Binop ([float] 3.4) .+ ([float] 2.4));, float d = [float] (Binop ([float] 3.5) .+ ([int] 1));, float f = [float] (Binop ([int] 2) .- ([int] 5));, float g = [float] (Binop ([int] 4) .- ([float] 1.4));, float h = [float] (Binop ([float] 2.5) .- ([float] 2.2));, float i = [float] (Binop ([float] 2.6) .- ([int] 1));, float j = [float] (Binop ([int] 1) .* ([int] 5));, float k = [float] (Binop ([int] 4) .* ([float] 1.3));, float l = [float] (Binop ([float] 1.5) .* ([float] 14.5));, float m = [float] (Binop ([float] 1.6) .* ([int] 1));, float n = [float] (Binop ([int] 5) ./ ([int] 2));, float o = [float] (Binop ([int] 10) ./ ([float] 2.5));, float p = [float] (Binop ([float] 6.6) ./ ([float] 3.1));, float q = [float] (Binop ([float] 5.5) ./ ([int] 2));}
