Fatal error: exception Type_checking.VariableDeclarationTypeError("Expected int expression, found float")
