Fatal error: exception Semantic_check.ObjectArgTypeMismatchError("ARG TYPE MISMATCH ERROR ON OBJECT LITERAL TO OBJECT Person")
