Fatal error: exception Symbol_table.UnusedVariableError("THE VARIABLE j WAS NEVER USED")
