Fatal error: exception Type_checking.ReturnTypeMismatchErr("Expected int return type, found float")
