Fatal error: exception Semantic_check.FunctionArgTypeMismatchError("ARG TYPE MISMATCH ERROR ON FUNCTION CALL TO FUNCTION twoArgs")
