Fatal error: exception Symbol_table.NoEndpointError("YOU NEED TO DECLARE AT LEAST ONE ENDPOINT")
