Fatal error: exception Symbol_table.DuplicateObjFuncError("YOU CANNOT DECLARE TWO OBJECTS, ENDPOINTS, OR FUNCS IN THE SAME PROGRAM WITH THE SAME NAME: e1")
