Fatal error: exception Type_checking.VariableDeclarationTypeError("Expected float expression, found int")
