Fatal error: exception Type_checking.BinopTypeError("THE BINARY OPERATION OF TYPES IS NOT ALLOWED: string .+ int")
