Fatal error: exception Wasp.SyntaxError(1, 63, "}")
