Fatal error: exception Symbol_table.VariableNotDefinedError("THE VARIABLE i WAS NEVER DEFINED")
