int a = [int] 4;Endpoint e( GET:) {int b = [int] a;}
