Fatal error: exception Type_checking.MemberTypeError("Expected int expression, found float")
